exports[`test contract methods work 1`] = `
<div
  triggerMethod={[Function]}>
  \"{\\\"test\\\":[\\\"0x8ff77a6a522211faf71242f0ddf61e1645045549\\\",\\\"0x1233000000000000000000000000000000000001\\\"]}\"
</div>
`;

exports[`test deploys contracts 1`] = `
<div
  triggerMethod={[Function]}>
  \"{\\\"test\\\":[\\\"_eth\\\",\\\"transactionHash\\\",\\\"address\\\",\\\"abi\\\",\\\"names\\\",\\\"register\\\",\\\"allEvents\\\"]}\"
</div>
`;

exports[`test gets the correct web3 method values 1`] = `
<div
  triggerMethod={[Function]}>
  \"{\\\"test\\\":[\\\"EthereumJS TestRPC/v3.0.3/ethereum-js\\\",\\\"0\\\"]}\"
</div>
`;

exports[`test initializes correctly 1`] = `
<div
  triggerMethod={[Function]}>
  \"{\\\"test\\\":[[\\\"web3ReduxStore\\\",\\\"networks\\\",\\\"status\\\"],[\\\"default\\\"],[\\\"rawWeb3\\\",\\\"web3\\\"],[\\\"net\\\",\\\"version\\\",\\\"eth\\\"],[\\\"getBalance\\\",\\\"balance\\\",\\\"getCode\\\",\\\"code\\\",\\\"getTransactionCount\\\",\\\"transactionCount\\\",\\\"getStorageAt\\\",\\\"storageAt\\\",\\\"getSyncing\\\",\\\"syncing\\\",\\\"getCoinbase\\\",\\\"coinbase\\\",\\\"getMining\\\",\\\"mining\\\",\\\"getHashrate\\\",\\\"hashrate\\\",\\\"getGasPrice\\\",\\\"gasPrice\\\",\\\"getAccounts\\\",\\\"accounts\\\",\\\"getBlockNumber\\\",\\\"blockNumber\\\",\\\"getBlock\\\",\\\"block\\\",\\\"getBlockTransactionCount\\\",\\\"blockTransactionCount\\\",\\\"getUncle\\\",\\\"uncle\\\",\\\"getTransactionFromBlock\\\",\\\"transactionFromBlock\\\",\\\"getTransaction\\\",\\\"transaction\\\",\\\"getTransactionReceipt\\\",\\\"transactionReceipt\\\",\\\"sendTransaction\\\",\\\"sendRawTransaction\\\",\\\"waitForMined\\\",\\\"contract\\\"],[\\\"getNode\\\",\\\"node\\\",\\\"getNetwork\\\",\\\"network\\\",\\\"getEthereum\\\",\\\"ethereum\\\",\\\"getWhisper\\\",\\\"whisper\\\"],[\\\"getListening\\\",\\\"listening\\\",\\\"getPeerCount\\\",\\\"peerCount\\\"]]}\"
</div>
`;
