exports[`test contract methods work 1`] = `
<div
  triggerMethod={[Function]}>
  \"{\\\"test\\\":[\\\"0xec900e654a10aacc2203f8be5b1920dda6d9c2a8\\\",\\\"0x1233000000000000000000000000000000000001\\\"]}\"
</div>
`;

exports[`test deploys contracts 1`] = `
<div
  triggerMethod={[Function]}>
  \"{\\\"test\\\":[\\\"transactionHash\\\",\\\"transactionIndex\\\",\\\"blockHash\\\",\\\"blockNumber\\\",\\\"gasUsed\\\",\\\"cumulativeGasUsed\\\",\\\"contractAddress\\\",\\\"logs\\\"]}\"
</div>
`;

exports[`test deploys contracts 2`] = `
<div
  triggerMethod={[Function]}>
  \"{\\\"test\\\":[\\\"names\\\",\\\"register\\\",\\\"__web3\\\"]}\"
</div>
`;

exports[`test gets the correct web3 method values 1`] = `
<div
  triggerMethod={[Function]}>
  \"{\\\"test\\\":[\\\"EthereumJS TestRPC/v3.0.3/ethereum-js\\\",\\\"0\\\"]}\"
</div>
`;

exports[`test initializes correctly 1`] = `
<div
  triggerMethod={[Function]}>
  \"{\\\"test\\\":[[\\\"web3ReduxStore\\\",\\\"web3s\\\",\\\"status\\\"],[\\\"net\\\",\\\"version\\\",\\\"eth\\\",\\\"__web3\\\"],[\\\"balance\\\",\\\"code\\\",\\\"transactionCount\\\",\\\"storageAt\\\",\\\"syncing\\\",\\\"coinbase\\\",\\\"mining\\\",\\\"hashrate\\\",\\\"gasPrice\\\",\\\"accounts\\\",\\\"blockNumber\\\",\\\"block\\\",\\\"blockTransactionCount\\\",\\\"uncle\\\",\\\"transactionFromBlock\\\",\\\"transaction\\\",\\\"transactionReceipt\\\",\\\"getBalance\\\",\\\"getCode\\\",\\\"getTransactionCount\\\",\\\"getStorageAt\\\",\\\"getSyncing\\\",\\\"getCoinbase\\\",\\\"getMining\\\",\\\"getHashrate\\\",\\\"getGasPrice\\\",\\\"getAccounts\\\",\\\"getBlockNumber\\\",\\\"getBlock\\\",\\\"getBlockTransactionCount\\\",\\\"getUncle\\\",\\\"getTransactionFromBlock\\\",\\\"getTransaction\\\",\\\"getTransactionReceipt\\\",\\\"sendTransaction\\\",\\\"sendRawTransaction\\\",\\\"waitForMined\\\",\\\"contract\\\"],[\\\"node\\\",\\\"network\\\",\\\"ethereum\\\",\\\"whisper\\\",\\\"getNode\\\",\\\"getNetwork\\\",\\\"getEthereum\\\",\\\"getWhisper\\\"],[\\\"listening\\\",\\\"peerCount\\\",\\\"getListening\\\",\\\"getPeerCount\\\"]]}\"
</div>
`;
